******************************************************************************
                  TI ARM Linker PC v18.12.4                    
******************************************************************************
>> Linked Fri Feb  7 10:49:26 2020

OUTPUT FILE NAME:   <adcsinglechannel_CC3220SF_LAUNCHXL_freertos_ccs_syscfg.out>
ENTRY POINT SYMBOL: "resetISR"  address: 01009ced


MEMORY CONFIGURATION

         name            origin    length      used     unused   attr    fill
----------------------  --------  ---------  --------  --------  ----  --------
  FLASH_HDR             01000000   000007ff  00000000  000007ff  R  X
  FLASH                 01000800   000ff800  00009fa0  000f5860  R  X
  SRAM                  20000000   00040000  000099ea  00036616  RW X


SEGMENT ALLOCATION MAP

run origin  load origin   length   init length attrs members
----------  ----------- ---------- ----------- ----- -------
01000800    01000800    00009fa8   00009fa8    r-x
  01000800    01000800    00000040   00000040    r-- .resetVecs
  01000840    01000840    000097d6   000097d6    r-x .text
  0100a018    0100a018    00000622   00000622    r-- .const
  0100a640    0100a640    00000168   00000168    r-- .cinit
2000030c    2000030c    000092d0   00000000    rw-
  2000030c    2000030c    000085c6   00000000    rw- .bss
  200088d4    200088d4    00000d08   00000000    rw- .data
200095e0    200095e0    00000010   00000000    rw-
  200095e0    200095e0    00000010   00000000    rw- .sysmem
2003fc00    2003fc00    00000400   00000000    rw-
  2003fc00    2003fc00    00000400   00000000    rw- .stack


SECTION ALLOCATION MAP

 output                                  attributes/
section   page    origin      length       input sections
--------  ----  ----------  ----------   ----------------
.resetVecs 
*          0    01000800    00000040     
                  01000800    00000040     freertos_builds_CC3220SF_LAUNCHXL_release_ccs.lib : startup_cc32xx_ccs.obj (.resetVecs:retain)

.text      0    01000840    000097d6     
                  01000840    00000a4e     rtsv7M4_T_le_eabi.lib : _printfi.c.obj (.text:__TI_printfi)
                  0100128e    00000002     Board.obj (.text:Board_initHook)
                  01001290    0000042c     driverlib.a : prcm.obj (.text:PRCMCC3200MCUInit)
                  010016bc    00000278     drivers_cc32xx.aem4 : UARTCC32XX.oem4 (.text:UARTCC32XX_open)
                  01001934    00000268     rtsv7M4_T_le_eabi.lib : _printfi.c.obj (.text:_pconv_a)
                  01001b9c    000001d8     drivers_cc32xx.aem4 : GPIOCC32XX.oem4 (.text:GPIO_setConfig)
                  01001d74    000001d4     freertos_builds_CC3220SF_LAUNCHXL_release_ccs.lib : queue.obj (.text:xQueueSemaphoreTake)
                  01001f48    000001cc     rtsv7M4_T_le_eabi.lib : _printfi.c.obj (.text:_pconv_g)
                  01002114    000001b8     freertos_builds_CC3220SF_LAUNCHXL_release_ccs.lib : queue.obj (.text:xQueueGenericSend)
                  010022cc    000001b6     rtsv7M4_T_le_eabi.lib : fd_add_t2.asm.obj (.text)
                  01002482    00000002     driverlib.a : interrupt.obj (.text:IntDefaultHandler)
                  01002484    000001b0     freertos_builds_CC3220SF_LAUNCHXL_release_ccs.lib : PowerCC32XX_freertos.obj (.text:PowerCC32XX_sleepPolicy)
                  01002634    000001a4     sensor_state.obj (.text:StateMachine)
                  010027d8    00000180     freertos_builds_CC3220SF_LAUNCHXL_release_ccs.lib : queue.obj (.text:xQueueReceive)
                  01002958    00000178                                                       : heap_4.obj (.text:pvPortMalloc)
                  01002ad0    00000164                                                       : timers.obj (.text:prvProcessReceivedCommands)
                  01002c34    00000148     drivers_cc32xx.aem4 : PowerCC32XX.oem4 (.text:parkPins)
                  01002d7c    0000013c     rtsv7M4_T_le_eabi.lib : _printfi.c.obj (.text:_pconv_e)
                  01002eb8    0000013c     freertos_builds_CC3220SF_LAUNCHXL_release_ccs.lib : tasks.obj (.text:xTaskIncrementTick)
                  01002ff4    00000138                                                       : pthread.obj (.text:pthread_create)
                  0100312c    00000136     rtsv7M4_T_le_eabi.lib : fd_div_t2.asm.obj (.text)
                  01003262    0000012a     freertos_builds_CC3220SF_LAUNCHXL_release_ccs.lib : tasks.obj (.text:prvInitialiseNewTask)
                  0100338c    00000128     drivers_cc32xx.aem4 : TimerCC32XX.oem4 (.text:TimerCC32XX_open)
                  010034b4    00000120                         : UARTCC32XX.oem4 (.text:UARTCC32XX_close)
                  010035d4    00000120     rtsv7M4_T_le_eabi.lib : _printfi.c.obj (.text:fcvt)
                  010036f4    0000011c     drivers_cc32xx.aem4 : PowerCC32XX.oem4 (.text:Power_sleep)
                  01003810    0000011c     freertos_builds_CC3220SF_LAUNCHXL_release_ccs.lib : tasks.obj (.text:xTaskResumeAll)
                  0100392c    00000118     rtsv7M4_T_le_eabi.lib : memory.c.obj (.text:aligned_alloc)
                  01003a44    00000114                           : fputs.c.obj (.text:fputs)
                  01003b58    00000114     freertos_builds_CC3220SF_LAUNCHXL_release_ccs.lib : tasks.obj (.text:vTaskPriorityDisinheritAfterTimeout)
                  01003c6c    00000104                                                       : queue.obj (.text:xQueueGenericSendFromISR)
                  01003d70    000000fc     rtsv7M4_T_le_eabi.lib : fd_mul_t2.asm.obj (.text)
                  01003e6c    000000fc     freertos_builds_CC3220SF_LAUNCHXL_release_ccs.lib : tasks.obj (.text:vTaskSuspend)
                  01003f68    000000f8                                                       : tasks.obj (.text:vTaskDelete)
                  01004060    000000f2     drivers_cc32xx.aem4 : UARTCC32XX.oem4 (.text:UARTCC32XX_control)
                  01004152    000000f0     freertos_builds_CC3220SF_LAUNCHXL_release_ccs.lib : queue.obj (.text:xQueueGiveFromISR)
                  01004242    00000002                                                       : PowerCC32XX_freertos.obj (.text:PowerCC32XX_initPolicy)
                  01004244    000000e8                                                       : tasks.obj (.text:xTaskPriorityInherit)
                  0100432c    000000e4     rtsv7M4_T_le_eabi.lib : memory.c.obj (.text:free)
                  01004410    000000e0     freertos_builds_CC3220SF_LAUNCHXL_release_ccs.lib : tasks.obj (.text:xTaskPriorityDisinherit)
                  010044f0    000000dc     rtsv7M4_T_le_eabi.lib : setvbuf.c.obj (.text:setvbuf)
                  010045cc    000000dc     freertos_builds_CC3220SF_LAUNCHXL_release_ccs.lib : tasks.obj (.text:vTaskSwitchContext)
                  010046a8    000000d8                                                       : queue.obj (.text:xQueueReceiveFromISR)
                  01004780    000000d0     rtsv7M4_T_le_eabi.lib : s_scalbn.c.obj (.text:scalbn)
                  01004850    000000ca     drivers_cc32xx.aem4 : UARTCC32XX.oem4 (.text:UARTCC32XX_write)
                  0100491a    00000002                         : TimerCC32XX.oem4 (.text:TimerCC32XX_init)
                  0100491c    000000c4                         : GPIOCC32XX.oem4 (.text:GPIO_init)
                  010049e0    000000c4     freertos_builds_CC3220SF_LAUNCHXL_release_ccs.lib : tasks.obj (.text:prvAddNewTaskToReadyList)
                  01004aa4    000000c0     drivers_cc32xx.aem4 : PowerCC32XX.oem4 (.text:restoreParkedPins)
                  01004b64    000000c0     freertos_builds_CC3220SF_LAUNCHXL_release_ccs.lib : port.obj (.text:xPortStartScheduler)
                  01004c24    000000be                                                       : queue.obj (.text:prvCopyDataToQueue)
                  01004ce2    00000002     drivers_cc32xx.aem4 : UARTCC32XX.oem4 (.text:UARTCC32XX_init)
                  01004ce4    000000bc     freertos_builds_CC3220SF_LAUNCHXL_release_ccs.lib : heap_4.obj (.text:prvHeapInit)
                  01004da0    000000bc                                                       : timers.obj (.text:prvSwitchTimerLists)
                  01004e5c    000000ba     drivers_cc32xx.aem4 : UARTCC32XX.oem4 (.text:UARTCC32XX_readPolling)
                  01004f16    00000002     rtsv7M4_T_le_eabi.lib : _lock.c.obj (.text:_nop)
                  01004f18    000000ba     freertos_builds_CC3220SF_LAUNCHXL_release_ccs.lib : portasm.obj (.text)
                  01004fd2    00000002                                                       : startup_cc32xx_ccs.obj (.text:busFaultHandler)
                  01004fd4    000000b8     drivers_cc32xx.aem4 : UARTCC32XX.oem4 (.text:initHw)
                  0100508c    000000b8     freertos_builds_CC3220SF_LAUNCHXL_release_ccs.lib : queue.obj (.text:xQueueGenericReset)
                  01005144    000000b6     drivers_cc32xx.aem4 : UARTCC32XX.oem4 (.text:readTaskCallback)
                  010051fa    00000002     freertos_builds_CC3220SF_LAUNCHXL_release_ccs.lib : startup_cc32xx_ccs.obj (.text:defaultHandler)
                  010051fc    000000b1     rtsv7M4_T_le_eabi.lib : _printfi.c.obj (.text:_ltostr)
                  010052ad    00000001     --HOLE-- [fill = 0]
                  010052ae    00000002     freertos_builds_CC3220SF_LAUNCHXL_release_ccs.lib : startup_cc32xx_ccs.obj (.text:faultISR)
                  010052b0    000000b0                                                       : tasks.obj (.text:prvAddCurrentTaskToDelayedList)
                  01005360    000000b0                                                       : tasks.obj (.text:xTaskCheckForTimeOut)
                  01005410    000000ae                                                       : queue.obj (.text:prvUnlockQueue)
                  010054be    000000ae     drivers_cc32xx.aem4 : UARTCC32XX.oem4 (.text:readIsrTextBlocking)
                  0100556c    000000a8     driverlib.a : interrupt.obj (.text:IntDisable)
                  01005614    000000a8                 : interrupt.obj (.text:IntEnable)
                  010056bc    000000a8     drivers_cc32xx.aem4 : PowerCC32XX.oem4 (.text:PowerCC32XX_configureWakeup)
                  01005764    000000a8     freertos_builds_CC3220SF_LAUNCHXL_release_ccs.lib : heap_4.obj (.text:prvInsertBlockIntoFreeList)
                  0100580c    000000a8     drivers_cc32xx.aem4 : UARTCC32XX.oem4 (.text:readTaskBlocking)
                  010058b4    000000a8     freertos_builds_CC3220SF_LAUNCHXL_release_ccs.lib : tasks.obj (.text:xTaskRemoveFromEventList)
                  0100595c    000000a2     drivers_cc32xx.aem4 : UARTCC32XX.oem4 (.text:readIsrTextCallback)
                  010059fe    000000a2                         : UARTCC32XX.oem4 (.text:writeData)
                  01005aa0    000000a0     freertos_builds_CC3220SF_LAUNCHXL_release_ccs.lib : ClockP_freertos.obj (.text:ClockP_create)
                  01005b40    0000009c     rtsv7M4_T_le_eabi.lib : memcpy_t2.asm.obj (.text)
                  01005bdc    0000009c     freertos_builds_CC3220SF_LAUNCHXL_release_ccs.lib : heap_4.obj (.text:vPortFree)
                  01005c78    00000098     drivers_cc32xx.aem4 : GPIOCC32XX.oem4 (.text:powerNotifyFxn)
                  01005d10    00000096     rtsv7M4_T_le_eabi.lib : ull_div_t2.asm.obj (.text)
                  01005da6    00000002     freertos_builds_CC3220SF_LAUNCHXL_release_ccs.lib : startup_cc32xx_ccs.obj (.text:nmiISR)
                  01005da8    00000094     drivers_cc32xx.aem4 : ADCCC32XX.oem4 (.text:ADCCC32XX_open)
                  01005e3c    00000094     freertos_builds_CC3220SF_LAUNCHXL_release_ccs.lib : tasks.obj (.text:vTaskStartScheduler)
                  01005ed0    00000090     drivers_cc32xx.aem4 : PowerCC32XX.oem4 (.text:restoreNVICRegs)
                  01005f60    0000008c     rtsv7M4_T_le_eabi.lib : fputc.c.obj (.text:fputc)
                  01005fec    00000088     driverlib.a : pin.obj (.text:PinConfigSet)
                  01006074    00000088     freertos_builds_CC3220SF_LAUNCHXL_release_ccs.lib : timers.obj (.text:prvProcessTimerOrBlockTask)
                  010060fc    00000086     rtsv7M4_T_le_eabi.lib : fd_cmp_t2.asm.obj (.text:__aeabi_cdcmple)
                  01006182    00000086                           : fd_cmp_t2.asm.obj (.text:__aeabi_cdrcmple)
                  01006208    00000084     drivers_cc32xx.aem4 : PowerCC32XX.oem4 (.text:Power_init)
                  0100628c    00000084     timertwo.obj (.text:convertToMM)
                  01006310    00000084     drivers_cc32xx.aem4 : PowerCC32XX.oem4 (.text:saveNVICRegs)
                  01006394    00000084     freertos_builds_CC3220SF_LAUNCHXL_release_ccs.lib : timers.obj (.text:xTimerGenericCommand)
                  01006418    00000080     drivers_cc32xx.aem4 : PowerCC32XX.oem4 (.text:Power_setDependency)
                  01006498    00000080     freertos_builds_CC3220SF_LAUNCHXL_release_ccs.lib : timers.obj (.text:prvProcessExpiredTimer)
                  01006518    0000007d     debug.obj (.text:dbgOutputLoc)
                  01006595    00000001     --HOLE-- [fill = 0]
                  01006596    0000007c     drivers_cc32xx.aem4 : UARTCC32XX.oem4 (.text:readIsrBinaryBlocking)
                  01006612    0000007a     freertos_builds_CC3220SF_LAUNCHXL_release_ccs.lib : pthread.obj (.text:removeThreadKeys)
                  0100668c    0000007a     rtsv7M4_T_le_eabi.lib : memset_t2.asm.obj (.text)
                  01006706    0000007a     freertos_builds_CC3220SF_LAUNCHXL_release_ccs.lib : tasks.obj (.text:xTaskCreate)
                  01006780    00000078     drivers_cc32xx.aem4 : GPIOCC32XX.oem4 (.text:GPIO_hwiIntFxn)
                  010067f8    00000078                         : TimerCC32XX.oem4 (.text:TimerCC32XX_start)
                  01006870    00000078     freertos_builds_CC3220SF_LAUNCHXL_release_ccs.lib : timers.obj (.text:prvInsertTimerInActiveList)
                  010068e8    00000078     drivers_cc32xx.aem4 : UARTCC32XX.oem4 (.text:readIsrBinaryCallback)
                  01006960    00000074                         : ADCCC32XX.oem4 (.text:ADCCC32XX_close)
                  010069d4    00000074                         : UARTCC32XX.oem4 (.text:UARTCC32XX_hwiIntFxn)
                  01006a48    00000074     rtsv7M4_T_le_eabi.lib : fclose.c.obj (.text:__TI_closefile)
                  01006abc    00000074     freertos_builds_CC3220SF_LAUNCHXL_release_ccs.lib : tasks.obj (.text:prvInitialiseTaskLists)
                  01006b30    00000074                                                       : port.obj (.text:vPortValidateInterruptPriority)
                  01006ba4    00000073     adcsinglechannel.obj (.text:vTask1)
                  01006c17    00000001     --HOLE-- [fill = 0]
                  01006c18    00000070     freertos_builds_CC3220SF_LAUNCHXL_release_ccs.lib : ClockP_freertos.obj (.text:setClockObjTimeout)
                  01006c88    00000070     rtsv7M4_T_le_eabi.lib : memory.c.obj (.text:split)
                  01006cf8    0000006e                           : _printfi.c.obj (.text:_mcpy)
                  01006d66    00000002                           : div0.asm.obj (.text)
                  01006d68    0000006c                           : hostrename.c.obj (.text:HOSTrename)
                  01006dd4    0000006a     freertos_builds_CC3220SF_LAUNCHXL_release_ccs.lib : queue.obj (.text:xQueueGenericCreate)
                  01006e3e    00000002     main_freertos.obj (.text:vApplicationMallocFailedHook)
                  01006e40    00000068     rtsv7M4_T_le_eabi.lib : hostlseek.c.obj (.text:HOSTlseek)
                  01006ea8    00000068                           : copy_decompress_lzss.c.obj (.text:decompress:lzss:__TI_decompress_lzss)
                  01006f10    00000068                           : printf.c.obj (.text:printf)
                  01006f78    00000066     drivers_cc32xx.aem4 : UARTCC32XX.oem4 (.text:UARTCC32XX_writeCancel)
                  01006fde    00000066     freertos_builds_CC3220SF_LAUNCHXL_release_ccs.lib : timers.obj (.text:prvInitialiseNewTimer)
                  01007044    00000066                                                       : list.obj (.text:vListInsert)
                  010070aa    00000002     --HOLE-- [fill = 0]
                  010070ac    00000064     drivers_cc32xx.aem4 : ADCCC32XX.oem4 (.text:ADCCC32XX_convert)
                  01007110    00000064     freertos_builds_CC3220SF_LAUNCHXL_release_ccs.lib : ClockP_freertos.obj (.text:ClockP_stop)
                  01007174    00000064     drivers_cc32xx.aem4 : PowerCC32XX.oem4 (.text:PowerCC32XX_setParkState)
                  010071d8    00000064     rtsv7M4_T_le_eabi.lib : fseek.c.obj (.text:fseek)
                  0100723c    00000064     main_freertos.obj (.text:main)
                  010072a0    00000064     freertos_builds_CC3220SF_LAUNCHXL_release_ccs.lib : tasks.obj (.text:prvGetExpectedIdleTime)
                  01007304    00000062     drivers_cc32xx.aem4 : UARTCC32XX.oem4 (.text:UARTCC32XX_writePolling)
                  01007366    00000062     rtsv7M4_T_le_eabi.lib : _io_perm.c.obj (.text:__TI_wrt_ok)
                  010073c8    00000060                           : hostopen.c.obj (.text:HOSTopen)
                  01007428    00000060     freertos_builds_CC3220SF_LAUNCHXL_release_ccs.lib : HwiPCC32XX_freertos.obj (.text:HwiP_create)
                  01007488    00000060     driverlib.a : prcm.obj (.text:PRCMSysResetCauseGet)
                  010074e8    00000060     debug.obj (.text:initUART)
                  01007548    0000005c     drivers_cc32xx.aem4 : GPIOCC32XX.oem4 (.text:GPIO_setCallback)
                  010075a4    0000005c     rtsv7M4_T_le_eabi.lib : close.c.obj (.text:close)
                  01007600    0000005c                           : s_frexp.c.obj (.text:frexp)
                  0100765c    0000005c     freertos_builds_CC3220SF_LAUNCHXL_release_ccs.lib : tasks.obj (.text:prvIdleTask)
                  010076b8    0000005c                                                       : pthread.obj (.text:pthread_exit)
                  01007714    0000005c                                                       : queue.obj (.text:vQueueWaitForMessageRestricted)
                  01007770    00000058     drivers_cc32xx.aem4 : GPIOCC32XX.oem4 (.text:GPIO_write)
                  010077c8    00000058     rtsv7M4_T_le_eabi.lib : hostread.c.obj (.text:HOSTread)
                  01007820    00000058                           : hostwrite.c.obj (.text:HOSTwrite)
                  01007878    00000058     driverlib.a : interrupt.obj (.text:IntPendClear)
                  010078d0    00000058                 : prcm.obj (.text:PRCMPeripheralReset)
                  01007928    00000058     drivers_cc32xx.aem4 : PowerCC32XX.oem4 (.text:Power_releaseDependency)
                  01007980    00000058     timerone.obj (.text:TimerOne_init)
                  010079d8    00000058     timertwo.obj (.text:TimerTwo_init)
                  01007a30    00000058     freertos_builds_CC3220SF_LAUNCHXL_release_ccs.lib : tasks.obj (.text:eTaskConfirmSleepModeStatus)
                  01007a88    00000058                                                       : port.obj (.text:vPortSetupTimerInterrupt)
                  01007ae0    00000058                                                       : queue.obj (.text:xQueueCreateCountingSemaphore)
                  01007b38    00000056                                                       : SemaphoreP_freertos.obj (.text:SemaphoreP_create)
                  01007b8e    00000056     drivers_cc32xx.aem4 : TimerCC32XX.oem4 (.text:TimerCC32XX_stop)
                  01007be4    00000056     rtsv7M4_T_le_eabi.lib : _printfi.c.obj (.text:_pconv_f)
                  01007c3a    00000002     --HOLE-- [fill = 0]
                  01007c3c    00000054     freertos_builds_CC3220SF_LAUNCHXL_release_ccs.lib : ClockP_freertos.obj (.text:ClockP_delete)
                  01007c90    00000054     driverlib.a : interrupt.obj (.text:IntPrioritySet)
                  01007ce4    00000054     rtsv7M4_T_le_eabi.lib : ltoa.c.obj (.text:ltoa)
                  01007d38    00000054     drivers_cc32xx.aem4 : UARTCC32XX.oem4 (.text:ringBufGet)
                  01007d8c    00000054     freertos_builds_CC3220SF_LAUNCHXL_release_ccs.lib : timers.obj (.text:xTimerCreateTimerTask)
                  01007de0    00000052     drivers_cc32xx.aem4 : PowerCC32XX_asm.oem4 (.text:PowerCC32XX_resumeLPDS)
                  01007e32    00000052     rtsv7M4_T_le_eabi.lib : _printfi.c.obj (.text:_ecpy)
                  01007e84    00000052     drivers_cc32xx.aem4 : TimerCC32XX.oem4 (.text:initHw)
                  01007ed6    00000002     --HOLE-- [fill = 0]
                  01007ed8    00000050                         : TimerCC32XX.oem4 (.text:TimerCC32XX_allocateTimerResource)
                  01007f28    00000050     freertos_builds_CC3220SF_LAUNCHXL_release_ccs.lib : port.obj (.text:pxPortInitialiseStack)
                  01007f78    0000004e     debug.obj (.text:int_to_bin_digit)
                  01007fc6    00000002     --HOLE-- [fill = 0]
                  01007fc8    0000004c     drivers_cc32xx.aem4 : GPIOCC32XX.oem4 (.text:GPIO_enableInt)
                  01008014    0000004c                         : PowerCC32XX.oem4 (.text:PowerCC32XX_parkPin)
                  01008060    0000004c     rtsv7M4_T_le_eabi.lib : fflush.c.obj (.text:__TI_doflush)
                  010080ac    0000004c                           : atoi.c.obj (.text:atoi)
                  010080f8    0000004c     freertos_builds_CC3220SF_LAUNCHXL_release_ccs.lib : startup_cc32xx_ccs.obj (.text:initVectors)
                  01008144    0000004c                                                       : timers.obj (.text:prvCheckForValidListAndQueue)
                  01008190    0000004c                                                       : tasks.obj (.text:prvCheckTasksWaitingTermination)
                  010081dc    0000004c     drivers_cc32xx.aem4 : PowerCC32XX.oem4 (.text:restorePeriphClocks)
                  01008228    0000004c     freertos_builds_CC3220SF_LAUNCHXL_release_ccs.lib : port.obj (.text:vPortEnterCritical)
                  01008274    00000048     driverlib.a : flash.obj (.text:FlashDisable)
                  010082bc    00000048     freertos_builds_CC3220SF_LAUNCHXL_release_ccs.lib : HwiPCC32XX_freertos.obj (.text:HwiP_dispatch)
                  01008304    00000048     driverlib.a : prcm.obj (.text:PRCMLPDSEnter)
                  0100834c    00000048                 : prcm.obj (.text:PRCMPeripheralClkEnable)
                  01008394    00000048     drivers_cc32xx.aem4 : PowerCC32XX.oem4 (.text:Power_releaseConstraint)
                  010083dc    00000048     rtsv7M4_T_le_eabi.lib : exit.c.obj (.text:exit)
                  01008424    00000048                           : fd_toi_t2.asm.obj (.text)
                  0100846c    00000048     timertwo.obj (.text:timer75Callback)
                  010084b4    00000048     freertos_builds_CC3220SF_LAUNCHXL_release_ccs.lib : list.obj (.text:uxListRemove)
                  010084fc    00000046     drivers_cc32xx.aem4 : RingBuf.oem4 (.text:RingBuf_put)
                  01008542    00000046                         : TimerCC32XX.oem4 (.text:getPrescaler)
                  01008588    00000044                         : ADC.oem4 (.text:ADC_init)
                  010085cc    00000044     debug.obj (.text:DebugGPIO_init)
                  01008610    00000044     rtsv7M4_T_le_eabi.lib : hostclose.c.obj (.text:HOSTclose)
                  01008654    00000044                           : hostunlink.c.obj (.text:HOSTunlink)
                  01008698    00000044     driverlib.a : prcm.obj (.text:PRCMLPDSRestoreInfoSet)
                  010086dc    00000044     drivers_cc32xx.aem4 : PowerCC32XX_asm.oem4 (.text:PowerCC32XX_enterLPDS)
                  01008720    00000044                         : Timer.oem4 (.text:Timer_init)
                  01008764    00000044                         : UART.oem4 (.text:UART_init)
                  010087a8    00000044     rtsv7M4_T_le_eabi.lib : autoinit.c.obj (.text:__TI_auto_init_nobinit_nopinit:__TI_auto_init_nobinit_nopinit)
                  010087ec    00000044                           : getdevice.c.obj (.text:getdevice)
                  01008830    00000044     freertos_builds_CC3220SF_LAUNCHXL_release_ccs.lib : queue.obj (.text:prvInitialiseNewQueue)
                  01008874    00000044     rtsv7M4_T_le_eabi.lib : fd_tou_t2.asm.obj (.text)
                  010088b8    00000044     freertos_builds_CC3220SF_LAUNCHXL_release_ccs.lib : tasks.obj (.text:vTaskStepTick)
                  010088fc    00000040     drivers_cc32xx.aem4 : ADC.oem4 (.text:ADC_open)
                  0100893c    00000040     driverlib.a : pin.obj (.text:PinModeSet)
                  0100897c    00000040     drivers_cc32xx.aem4 : RingBuf.oem4 (.text:RingBuf_get)
                  010089bc    00000040                         : Timer.oem4 (.text:Timer_open)
                  010089fc    00000040                         : UARTCC32XX.oem4 (.text:UARTCC32XX_read)
                  01008a3c    00000040                         : UART.oem4 (.text:UART_open)
                  01008a7c    00000040     rtsv7M4_T_le_eabi.lib : sprintf.c.obj (.text:sprintf)
                  01008abc    00000040     freertos_builds_CC3220SF_LAUNCHXL_release_ccs.lib : tasks.obj (.text:vTaskPlaceOnEventListRestricted)
                  01008afc    0000003e                                                       : ClockP_freertos.obj (.text:ClockP_callbackFxn)
                  01008b3a    0000003e     rtsv7M4_T_le_eabi.lib : _printfi.c.obj (.text:_fcpy)
                  01008b78    0000003e     freertos_builds_CC3220SF_LAUNCHXL_release_ccs.lib : pthread.obj (.text:pthread_setcancelstate)
                  01008bb6    00000002     --HOLE-- [fill = 0]
                  01008bb8    0000003c     driverlib.a : prcm.obj (.text:PRCMSlowClkCtrFastGet)
                  01008bf4    0000003c     drivers_cc32xx.aem4 : PowerCC32XX.oem4 (.text:Power_setConstraint)
                  01008c30    0000003c     debug.obj (.text:dbgUARTStr)
                  01008c6c    0000003c     freertos_builds_CC3220SF_LAUNCHXL_release_ccs.lib : queue.obj (.text:prvCopyDataFromQueue)
                  01008ca8    0000003c                                                       : tasks.obj (.text:prvResetNextTaskUnblockTime)
                  01008ce4    0000003c                                                       : tasks.obj (.text:pvTaskGetThreadLocalStoragePointer)
                  01008d20    0000003c                                                       : list.obj (.text:vListInsertEnd)
                  01008d5c    0000003c                                                       : timers.obj (.text:xTimerCreate)
                  01008d98    0000003a     drivers_cc32xx.aem4 : TimerCC32XX.oem4 (.text:TimerCC32XX_close)
                  01008dd2    00000002     --HOLE-- [fill = 0]
                  01008dd4    00000038     driverlib.a : prcm.obj (.text:PRCMLPDSEnterKeepDebugIf)
                  01008e0c    00000038     rtsv7M4_T_le_eabi.lib : trgmsg.c.obj (.text:__TI_writemsg)
                  01008e44    00000038     drivers_cc32xx.aem4 : PowerCC32XX.oem4 (.text:notify)
                  01008e7c    00000038     freertos_builds_CC3220SF_LAUNCHXL_release_ccs.lib : timers.obj (.text:prvGetNextExpireTime)
                  01008eb4    00000038                                                       : port.obj (.text:prvTaskExitError)
                  01008eec    00000038     sensor_queue.obj (.text:sendToQueue)
                  01008f24    00000036     drivers_cc32xx.aem4 : TimerCC32XX.oem4 (.text:TimerCC32XX_hwiIntFunction)
                  01008f5a    00000036     driverlib.a : timer.obj (.text:TimerControlStall)
                  01008f90    00000036     drivers_cc32xx.aem4 : UARTCC32XX.oem4 (.text:UARTCC32XX_readCancel)
                  01008fc6    00000036     rtsv7M4_T_le_eabi.lib : strncpy.c.obj (.text:strncpy)
                  01008ffc    00000034     driverlib.a : pin.obj (.text:PinModeGet)
                  01009030    00000034     drivers_cc32xx.aem4 : PowerCC32XX.oem4 (.text:PowerCC32XX_restoreParkState)
                  01009064    00000034     freertos_builds_CC3220SF_LAUNCHXL_release_ccs.lib : SemaphoreP_freertos.obj (.text:SemaphoreP_pend)
                  01009098    00000034     drivers_cc32xx.aem4 : TimerCC32XX.oem4 (.text:TimerCC32XX_freeTimerResource)
                  010090cc    00000034     rtsv7M4_T_le_eabi.lib : fopen.c.obj (.text:__TI_cleanup)
                  01009100    00000034                           : trgmsg.c.obj (.text:__TI_readmsg)
                  01009134    00000034     drivers_cc32xx.aem4 : TimerCC32XX.oem4 (.text:getPowerMgrId)
                  01009168    00000034     freertos_builds_CC3220SF_LAUNCHXL_release_ccs.lib : timers.obj (.text:prvSampleTimeNow)
                  0100919c    00000034                                                       : tasks.obj (.text:vTaskPlaceOnEventList)
                  010091d0    00000030     drivers_cc32xx.aem4 : PowerCC32XX.oem4 (.text:PowerCC32XX_restoreParkedPin)
                  01009200    00000030     rtsv7M4_T_le_eabi.lib : getdevice.c.obj (.text:finddevice)
                  01009230    00000030     sensor_queue.obj (.text:readMsgFromQ1)
                  01009260    00000030     freertos_builds_CC3220SF_LAUNCHXL_release_ccs.lib : list.obj (.text:vListInitialise)
                  01009290    00000030                                                       : port.obj (.text:vPortExitCritical)
                  010092c0    00000030                                                       : tasks.obj (.text:xTaskGetSchedulerState)
                  010092f0    0000002e                                                       : timers.obj (.text:pvTimerGetTimerID)
                  0100931e    0000002e     rtsv7M4_T_le_eabi.lib : i_tofd_t2.asm.obj (.text)
                  0100934c    0000002c     freertos_builds_CC3220SF_LAUNCHXL_release_ccs.lib : HwiPCC32XX_freertos.obj (.text:HwiP_disable)
                  01009378    0000002c     driverlib.a : prcm.obj (.text:PRCMLPDSIntervalSet)
                  010093a4    0000002c     drivers_cc32xx.aem4 : PowerCC32XX.oem4 (.text:PowerCC32XX_getParkState)
                  010093d0    0000002c     freertos_builds_CC3220SF_LAUNCHXL_release_ccs.lib : SemaphoreP_freertos.obj (.text:SemaphoreP_createBinary)
                  010093fc    0000002c     adcsinglechannel.obj (.text:mainThread)
                  01009428    0000002c     sensor_queue.obj (.text:sendSensorMsgToQ1)
                  01009454    0000002c     sensor_queue.obj (.text:sendTimeMsgToQ1)
                  01009480    0000002c     timerone.obj (.text:timerSecondCallback)
                  010094ac    0000002c     rtsv7M4_T_le_eabi.lib : unlink.c.obj (.text:unlink)
                  010094d8    0000002c     freertos_builds_CC3220SF_LAUNCHXL_release_ccs.lib : tasks.obj (.text:vTaskSetApplicationTaskTag)
                  01009504    0000002c                                                       : port.obj (.text:xPortSysTickHandler)
                  01009530    0000002a     driverlib.a : timer.obj (.text:TimerLoadSet)
                  0100955a    0000002a                 : timer.obj (.text:TimerPrescaleSet)
                  01009584    00000028     freertos_builds_CC3220SF_LAUNCHXL_release_ccs.lib : HwiPCC32XX_freertos.obj (.text:HwiP_inISR)
                  010095ac    00000028     driverlib.a : prcm.obj (.text:PRCMLPDSWakeupSourceEnable)
                  010095d4    00000028                 : prcm.obj (.text:PRCMPeripheralClkDisable)
                  010095fc    00000028     drivers_cc32xx.aem4 : PowerCC32XX.oem4 (.text:Power_registerNotify)
                  01009624    00000028     rtsv7M4_T_le_eabi.lib : memory.c.obj (.text:free_list_insert)
                  0100964c    00000028                           : lseek.c.obj (.text:lseek)
                  01009674    00000028     freertos_builds_CC3220SF_LAUNCHXL_release_ccs.lib : pthread.obj (.text:pthread_attr_setschedparam)
                  0100969c    00000028     rtsv7M4_T_le_eabi.lib : write.c.obj (.text:write)
                  010096c4    00000028     freertos_builds_CC3220SF_LAUNCHXL_release_ccs.lib : tasks.obj (.text:xTaskGetApplicationTaskTag)
                  010096ec    00000026     drivers_cc32xx.aem4 : List.oem4 (.text:List_put)
                  01009712    00000026                         : List.oem4 (.text:List_remove)
                  01009738    00000026     freertos_builds_CC3220SF_LAUNCHXL_release_ccs.lib : pthread.obj (.text:_pthread_cleanup_pop)
                  0100975e    00000026                                                       : queue.obj (.text:prvIsQueueFull)
                  01009784    00000024     driverlib.a : interrupt.obj (.text:IntUnregister)
                  010097a8    00000024     rtsv7M4_T_le_eabi.lib : boot_cortex_m.c.obj (.text:_c_int00_noargs:_c_int00_noargs)
                  010097cc    00000024     freertos_builds_CC3220SF_LAUNCHXL_release_ccs.lib : queue.obj (.text:prvGetDisinheritPriorityAfterTimeout)
                  010097f0    00000024                                                       : queue.obj (.text:vQueueDelete)
                  01009814    00000024                                                       : tasks.obj (.text:vTaskInternalSetTimeOutState)
                  01009838    00000022                                                       : SemaphoreP_freertos.obj (.text:SemaphoreP_post)
                  0100985a    00000022                                                       : pthread.obj (.text:pthread_attr_setdetachstate)
                  0100987c    00000022     sensor_state.obj (.text:status_init)
                  0100989e    00000002     --HOLE-- [fill = 0]
                  010098a0    00000020     drivers_cc32xx.aem4 : ADCCC32XX.oem4 (.text:ADCCC32XX_convertToMicroVolts)
                  010098c0    00000020     freertos_builds_CC3220SF_LAUNCHXL_release_ccs.lib : ClockP_freertos.obj (.text:ClockP_getCpuFreq)
                  010098e0    00000020                                                       : HwiPCC32XX_freertos.obj (.text:HwiP_restore)
                  01009900    00000020     driverlib.a : interrupt.obj (.text:IntRegister)
                  01009920    00000020     drivers_cc32xx.aem4 : PowerCC32XX.oem4 (.text:Power_unregisterNotify)
                  01009940    00000020                         : RingBuf.oem4 (.text:RingBuf_peek)
                  01009960    00000020                         : UARTCC32XX.oem4 (.text:getPowerMgrId)
                  01009980    00000020     rtsv7M4_T_le_eabi.lib : memchr.c.obj (.text:memchr)
                  010099a0    00000020     freertos_builds_CC3220SF_LAUNCHXL_release_ccs.lib : queue.obj (.text:prvIsQueueEmpty)
                  010099c0    00000020     rtsv7M4_T_le_eabi.lib : u_tofd_t2.asm.obj (.text)
                  010099e0    0000001e     freertos_builds_CC3220SF_LAUNCHXL_release_ccs.lib : ClockP_freertos.obj (.text:ClockP_start)
                  010099fe    0000001e                                                       : HwiPCC32XX_freertos.obj (.text:HwiP_Params_init)
                  01009a1c    0000001e     driverlib.a : timer.obj (.text:TimerDisable)
                  01009a3a    0000001e                 : timer.obj (.text:TimerEnable)
                  01009a58    0000001e     freertos_builds_CC3220SF_LAUNCHXL_release_ccs.lib : pthread.obj (.text:_pthread_runStub)
                  01009a76    0000001c                                                       : ClockP_freertos.obj (.text:ClockP_Params_init)
                  01009a92    00000002     --HOLE-- [fill = 0]
                  01009a94    0000001c     timertwo.obj (.text:IRSensor_init)
                  01009ab0    0000001c     driverlib.a : pin.obj (.text:PinToPadGet)
                  01009acc    0000001c     rtsv7M4_T_le_eabi.lib : memory.c.obj (.text:free_list_remove)
                  01009ae8    0000001c                           : memccpy.c.obj (.text:memccpy)
                  01009b04    0000001c     sensor_queue.obj (.text:message_init)
                  01009b20    0000001c     freertos_builds_CC3220SF_LAUNCHXL_release_ccs.lib : pthread.obj (.text:pthread_attr_init)
                  01009b3c    0000001c                                                       : tasks.obj (.text:pvTaskIncrementMutexHeldCount)
                  01009b58    0000001a                                                       : PTLS.obj (.text:PTLS_taskDeleteHook)
                  01009b72    0000001a                                                       : timers.obj (.text:prvTimerTask)
                  01009b8c    00000018     sensor_queue.obj (.text:MQ_init)
                  01009ba4    00000018     drivers_cc32xx.aem4 : PowerCC32XX.oem4 (.text:Power_idleFunc)
                  01009bbc    00000018                         : TimerCC32XX.oem4 (.text:TimerCC32XX_getCount)
                  01009bd4    00000018     driverlib.a : timer.obj (.text:TimerIntDisable)
                  01009bec    00000018                 : timer.obj (.text:TimerIntEnable)
                  01009c04    00000018                 : uart.obj (.text:UARTBusy)
                  01009c1c    00000018                 : uart.obj (.text:UARTIntEnable)
                  01009c34    00000018     drivers_cc32xx.aem4 : UART.oem4 (.text:UART_Params_init)
                  01009c4c    00000018     rtsv7M4_T_le_eabi.lib : sprintf.c.obj (.text:_outs)
                  01009c64    00000018                           : ll_mul_t2.asm.obj (.text)
                  01009c7c    00000018                           : strcmp.c.obj (.text:strcmp)
                  01009c94    00000016     freertos_builds_CC3220SF_LAUNCHXL_release_ccs.lib : ClockP_freertos.obj (.text:ClockP_setTimeout)
                  01009caa    00000016     driverlib.a : prcm.obj (.text:PRCMHIBRegRead)
                  01009cc0    00000016                 : prcm.obj (.text:PRCMHIBRegWrite)
                  01009cd6    00000016     freertos_builds_CC3220SF_LAUNCHXL_release_ccs.lib : SemaphoreP_freertos.obj (.text:SemaphoreP_Params_init)
                  01009cec    00000016                                                       : startup_cc32xx_ccs.obj (.text:resetISR)
                  01009d02    00000016     rtsv7M4_T_le_eabi.lib : strchr.c.obj (.text:strchr)
                  01009d18    00000014     driverlib.a : cpu.obj (.text:CPUcpsie)
                  01009d2c    00000014                 : interrupt.obj (.text:IntVTableBaseSet)
                  01009d40    00000014     drivers_cc32xx.aem4 : PowerCC32XX.oem4 (.text:Power_getDependencyCount)
                  01009d54    00000014     freertos_builds_CC3220SF_LAUNCHXL_release_ccs.lib : tasks.obj (.text:prvDeleteTCB)
                  01009d68    00000014                                                       : pthread.obj (.text:pthread_attr_setstacksize)
                  01009d7c    00000014                                                       : pthread.obj (.text:pthread_self)
                  01009d90    00000014     drivers_cc32xx.aem4 : UARTCC32XX.oem4 (.text:releasePowerConstraint)
                  01009da4    00000014     rtsv7M4_T_le_eabi.lib : strcpy.c.obj (.text:strcpy)
                  01009db8    00000014                           : strlen.c.obj (.text:strlen)
                  01009dcc    00000014     freertos_builds_CC3220SF_LAUNCHXL_release_ccs.lib : PowerCC32XX_freertos.obj (.text:vPortSuppressTicksAndSleep)
                  01009de0    00000014                                                       : tasks.obj (.text:xTaskGetCurrentTaskHandle)
                  01009df4    00000014                                                       : tasks.obj (.text:xTaskGetTickCount)
                  01009e08    00000012                                                       : HwiPCC32XX_freertos.obj (.text:HwiP_delete)
                  01009e1a    00000012     drivers_cc32xx.aem4 : RingBuf.oem4 (.text:RingBuf_construct)
                  01009e2c    00000012     driverlib.a : timer.obj (.text:TimerIntClear)
                  01009e3e    00000012     rtsv7M4_T_le_eabi.lib : wcslen.c.obj (.text:wcslen)
                  01009e50    00000010     Board.obj (.text:Board_init)
                  01009e60    00000010     freertos_builds_CC3220SF_LAUNCHXL_release_ccs.lib : ClockP_freertos.obj (.text:ClockP_getSystemTickPeriod)
                  01009e70    00000010     driverlib.a : systick.obj (.text:SysTickDisable)
                  01009e80    00000010                 : systick.obj (.text:SysTickEnable)
                  01009e90    00000010     drivers_cc32xx.aem4 : Timer.oem4 (.text:Timer_Params_init)
                  01009ea0    00000010                         : UARTCC32XX.oem4 (.text:readBlockingTimeout)
                  01009eb0    00000010     freertos_builds_CC3220SF_LAUNCHXL_release_ccs.lib : list.obj (.text:vListInitialiseItem)
                  01009ec0    00000010                                                       : tasks.obj (.text:vTaskSuspendAll)
                  01009ed0    0000000e     drivers_cc32xx.aem4 : PowerCC32XX.oem4 (.text:Power_getTransitionLatency)
                  01009ede    0000000e                         : RingBuf.oem4 (.text:RingBuf_isFull)
                  01009eec    0000000e     rtsv7M4_T_le_eabi.lib : copy_decompress_none.c.obj (.text:decompress:none:__TI_decompress_none)
                  01009efa    0000000c     driverlib.a : cpu.obj (.text:CPUwfi)
                  01009f06    0000000c     freertos_builds_CC3220SF_LAUNCHXL_release_ccs.lib : HwiPCC32XX_freertos.obj (.text:HwiP_clearInterrupt)
                  01009f12    00000002     --HOLE-- [fill = 0]
                  01009f14    0000000c     drivers_cc32xx.aem4 : PowerCC32XX.oem4 (.text:Power_getConstraintMask)
                  01009f20    0000000c     freertos_builds_CC3220SF_LAUNCHXL_release_ccs.lib : SemaphoreP_freertos.obj (.text:SemaphoreP_delete)
                  01009f2c    0000000c     rtsv7M4_T_le_eabi.lib : s_copysign.c.obj (.text:copysign)
                  01009f38    0000000c                           : copy_zero_init.c.obj (.text:decompress:ZI:__TI_zero_init)
                  01009f44    0000000c     drivers_cc32xx.aem4 : TimerCC32XX.oem4 (.text:postNotifyFxn)
                  01009f50    0000000c                         : UARTCC32XX.oem4 (.text:postNotifyFxn)
                  01009f5c    0000000c     freertos_builds_CC3220SF_LAUNCHXL_release_ccs.lib : tasks.obj (.text:vTaskMissedYield)
                  01009f68    0000000a     drivers_cc32xx.aem4 : ADC.oem4 (.text:ADC_Params_init)
                  01009f72    0000000a                         : ADC.oem4 (.text:ADC_convert)
                  01009f7c    0000000a                         : ADC.oem4 (.text:ADC_convertToMicroVolts)
                  01009f86    0000000a     driverlib.a : interrupt.obj (.text:IntMasterEnable)
                  01009f90    0000000a     drivers_cc32xx.aem4 : Timer.oem4 (.text:Timer_getCount)
                  01009f9a    0000000a                         : Timer.oem4 (.text:Timer_start)
                  01009fa4    0000000a                         : UART.oem4 (.text:UART_write)
                  01009fae    0000000a     rtsv7M4_T_le_eabi.lib : sprintf.c.obj (.text:_outc)
                  01009fb8    0000000a     main_freertos.obj (.text:vApplicationStackOverflowHook)
                  01009fc2    00000008     drivers_cc32xx.aem4 : ADCCC32XX.oem4 (.text:ADCCC32XX_init)
                  01009fca    00000008     driverlib.a : prcm.obj (.text:PRCMSleepEnter)
                  01009fd2    00000002     --HOLE-- [fill = 0]
                  01009fd4    00000008     rtsv7M4_T_le_eabi.lib : errno.c.obj (.text:__aeabi_errno_addr)
                  01009fdc    00000008                           : memory.c.obj (.text:malloc)
                  01009fe4    00000008     drivers_cc32xx.aem4 : UARTCC32XX.oem4 (.text:readSemCallback)
                  01009fec    00000008                         : UARTCC32XX.oem4 (.text:writeSemCallback)
                  01009ff4    00000006                         : ADCCC32XX.oem4 (.text:ADCCC32XX_control)
                  01009ffa    00000006                         : TimerCC32XX.oem4 (.text:TimerCC32XX_control)
                  0100a000    00000006     driverlib.a : utils.obj (.text:UtilsDelay)
                  0100a006    00000004     rtsv7M4_T_le_eabi.lib : printf.c.obj (.text:_outc)
                  0100a00a    00000004                           : printf.c.obj (.text:_outs)
                  0100a00e    00000004                           : pre_init.c.obj (.text:_system_pre_init)
                  0100a012    00000004                           : exit.c.obj (.text:abort:abort)

.const     0    0100a018    00000622     
                  0100a018    00000101     rtsv7M4_T_le_eabi.lib : ctype.c.obj (.const:.string:_ctypes_)
                  0100a119    00000003     Board.obj (.const)
                  0100a11c    00000100     driverlib.a : pin.obj (.const:g_ulPinToPadMap)
                  0100a21c    000000d4                 : interrupt.obj (.const:g_pulRegs)
                  0100a2f0    000000a8                 : prcm.obj (.const:PRCM_PeriphRegsList)
                  0100a398    00000040     Board.obj (.const:PowerCC32XX_config)
                  0100a3d8    00000028     drivers_cc32xx.aem4 : UARTCC32XX.oem4 (.const:UARTCC32XX_fxnTable)
                  0100a400    00000024                         : UART.oem4 (.const:UART_defaultParams)
                  0100a424    00000024     Board.obj (.const:uartCC32XXHWAttrs0)
                  0100a448    00000021     drivers_cc32xx.aem4 : GPIOCC32XX.oem4 (.const:.string:pinTable)
                  0100a469    00000003     --HOLE-- [fill = 0]
                  0100a46c    00000020                         : UARTCC32XX.oem4 (.const:staticFxnTable)
                  0100a48c    00000020     Board.obj (.const:timerCC32XXHWAttrs)
                  0100a4ac    0000001c     drivers_cc32xx.aem4 : TimerCC32XX.oem4 (.const:TimerCC32XX_fxnTable)
                  0100a4c8    00000018                         : ADCCC32XX.oem4 (.const:ADCCC32XX_fxnTable)
                  0100a4e0    00000018     Board.obj (.const:ADC_config)
                  0100a4f8    00000018     Board.obj (.const:Timer_config)
                  0100a510    00000018     driverlib.a : interrupt.obj (.const:g_pulDisRegs)
                  0100a528    00000018                 : interrupt.obj (.const:g_pulEnRegs)
                  0100a540    00000018                 : interrupt.obj (.const:g_pulUnpendRegs)
                  0100a558    00000014     Board.obj (.const:GPIOCC32XX_config)
                  0100a56c    00000014     drivers_cc32xx.aem4 : GPIOCC32XX.oem4 (.const:gpioBaseAddresses)
                  0100a580    00000014                         : UARTCC32XX.oem4 (.const:parityType)
                  0100a594    00000014                         : GPIOCC32XX.oem4 (.const:powerResources)
                  0100a5a8    00000010                         : UARTCC32XX.oem4 (.const:dataLength)
                  0100a5b8    0000000c     sensor_queue.obj (.const:$P$T0$1)
                  0100a5c4    0000000c     sensor_queue.obj (.const:$P$T1$2)
                  0100a5d0    0000000c     sensor_queue.obj (.const:$P$T2$3)
                  0100a5dc    0000000c     Board.obj (.const:UART_config)
                  0100a5e8    0000000c     drivers_cc32xx.aem4 : Timer.oem4 (.const:defaultParams)
                  0100a5f4    00000008                         : ADC.oem4 (.const:ADC_defaultParams)
                  0100a5fc    00000008     Board.obj (.const:adcCC32XXHWAttrs)
                  0100a604    00000008     freertos_builds_CC3220SF_LAUNCHXL_release_ccs.lib : port.obj (.const)
                  0100a60c    00000008     drivers_cc32xx.aem4 : GPIOCC32XX.oem4 (.const:outPinTypes)
                  0100a614    00000008                         : UARTCC32XX.oem4 (.const:stopBits)
                  0100a61c    00000006                         : GPIOCC32XX.oem4 (.const:.string:interruptType)
                  0100a622    00000006                         : GPIOCC32XX.oem4 (.const:inPinTypes)
                  0100a628    00000006                         : GPIOCC32XX.oem4 (.const:outPinStrengths)
                  0100a62e    00000004                         : GPIOCC32XX.oem4 (.const:.string:portInterruptIds)
                  0100a632    00000002     --HOLE-- [fill = 0]
                  0100a634    00000004     freertos_builds_CC3220SF_LAUNCHXL_release_ccs.lib : pthread.obj (.const)
                  0100a638    00000002                                                       : pthread.obj (.const:.string)

.cinit     0    0100a640    00000168     
                  0100a640    0000013e     (.cinit..data.load) [load image, compression = lzss]
                  0100a77e    00000002     --HOLE-- [fill = 0]
                  0100a780    0000000c     (__TI_handler_table)
                  0100a78c    00000004     --HOLE-- [fill = 0]
                  0100a790    00000008     (.cinit..bss.load) [load image, compression = zero_init]
                  0100a798    00000010     (__TI_cinit_table)

.init_array 
*          0    01000800    00000000     UNINITIALIZED

.ramVecs   0    20000000    0000030c     NOLOAD SECTION
                  20000000    0000030c     freertos_builds_CC3220SF_LAUNCHXL_release_ccs.lib : startup_cc32xx_ccs.obj (.ramVecs)

.bss       0    2000030c    000085c6     UNINITIALIZED
                  2000030c    00008000     freertos_builds_CC3220SF_LAUNCHXL_release_ccs.lib : heap_4.obj (.bss:ucHeap)
                  2000830c    0000012c     (.common:PowerCC32XX_contextSave)
                  20008438    00000120     rtsv7M4_T_le_eabi.lib : trgmsg.c.obj (.bss:_CIOBUF_)
                  20008558    000000c8     freertos_builds_CC3220SF_LAUNCHXL_release_ccs.lib : tasks.obj (.bss:pxReadyTasksLists)
                  20008620    000000a0     (.common:__TI_tmpnams)
                  200086c0    00000084     (.common:uartCC32XXObjects0)
                  20008744    00000068     (.common:timerCC32XXObjects)
                  200087ac    00000020     drivers_cc32xx.aem4 : GPIOCC32XX.oem4 (.bss:gpioCallbackInfo)
                  200087cc    00000020     Board.obj (.bss:uartCC32XXRingBuffer0)
                  200087ec    00000014     drivers_cc32xx.aem4 : GPIOCC32XX.oem4 (.bss:powerNotifyObj)
                  20008800    00000014     freertos_builds_CC3220SF_LAUNCHXL_release_ccs.lib : timers.obj (.bss:xActiveTimerList1)
                  20008814    00000014                                                       : timers.obj (.bss:xActiveTimerList2)
                  20008828    00000014                                                       : tasks.obj (.bss:xDelayedTaskList1)
                  2000883c    00000014                                                       : tasks.obj (.bss:xDelayedTaskList2)
                  20008850    00000014                                                       : tasks.obj (.bss:xPendingReadyList)
                  20008864    00000014                                                       : tasks.obj (.bss:xSuspendedTaskList)
                  20008878    00000014                                                       : tasks.obj (.bss:xTasksWaitingTermination)
                  2000888c    00000008                                                       : tasks.obj (.bss)
                  20008894    00000008                                                       : timers.obj (.bss)
                  2000889c    00000008                                                       : heap_4.obj (.bss:xStart)
                  200088a4    00000008     (.common:parmbuf)
                  200088ac    00000004     drivers_cc32xx.aem4 : GPIOCC32XX.oem4 (.bss)
                  200088b0    00000004                         : TimerCC32XX.oem4 (.bss:timerState)
                  200088b4    00000004     (.common:TimerOne)
                  200088b8    00000004     (.common:TimerTwo)
                  200088bc    00000004     (.common:adc)
                  200088c0    00000004     (.common:adcCC32XXObjects)
                  200088c4    00000004     (.common:adcValue0MicroVolt)
                  200088c8    00000004     (.common:sensor)
                  200088cc    00000004     (.common:uart)
                  200088d0    00000002     (.common:adcValue0)

.data      0    200088d4    00000d08     UNINITIALIZED
                  200088d4    00000800     freertos_builds_CC3220SF_LAUNCHXL_release_ccs.lib : HwiPCC32XX_freertos.obj (.data:HwiP_dispatchTable)
                  200090d4    0000016c     drivers_cc32xx.aem4 : PowerCC32XX.oem4 (.data:PowerCC32XX_module)
                  20009240    000000f8     Board.obj (.data:parkInfo)
                  20009338    000000f0     rtsv7M4_T_le_eabi.lib : defs.c.obj (.data:_ftable)
                  20009428    00000078                           : host_device.c.obj (.data:_device)
                  200094a0    00000050                           : host_device.c.obj (.data:_stream)
                  200094f0    00000034     freertos_builds_CC3220SF_LAUNCHXL_release_ccs.lib : tasks.obj (.data)
                  20009524    00000020     Board.obj (.data:gpioPinConfigs)
                  20009544    00000018     freertos_builds_CC3220SF_LAUNCHXL_release_ccs.lib : port.obj (.data)
                  2000955c    00000014                                                       : pthread.obj (.data:defaultPthreadAttrs)
                  20009570    00000010                                                       : heap_4.obj (.data)
                  20009580    00000010     rtsv7M4_T_le_eabi.lib : defs.c.obj (.data)
                  20009590    0000000c                           : exit.c.obj (.data:$O1$$)
                  2000959c    0000000c     freertos_builds_CC3220SF_LAUNCHXL_release_ccs.lib : timers.obj (.data)
                  200095a8    00000009     drivers_cc32xx.aem4 : GPIOCC32XX.oem4 (.data)
                  200095b1    00000001                         : ADC.oem4 (.data)
                  200095b2    00000001                         : Timer.oem4 (.data)
                  200095b3    00000001                         : UART.oem4 (.data)
                  200095b4    00000008     rtsv7M4_T_le_eabi.lib : _lock.c.obj (.data:$O1$$)
                  200095bc    00000008                           : memory.c.obj (.data:$O1$$)
                  200095c4    00000008     drivers_cc32xx.aem4 : ADCCC32XX.oem4 (.data:state)
                  200095cc    00000004     freertos_builds_CC3220SF_LAUNCHXL_release_ccs.lib : ClockP_freertos.obj (.data)
                  200095d0    00000004                                                       : HwiPCC32XX_freertos.obj (.data)
                  200095d4    00000004                                                       : PowerCC32XX_freertos.obj (.data)
                  200095d8    00000004     rtsv7M4_T_le_eabi.lib : errno.c.obj (.data)

.sysmem    0    200095e0    00000010     UNINITIALIZED
                  200095e0    00000010     rtsv7M4_T_le_eabi.lib : memory.c.obj (.sysmem)

.stack     0    2003fc00    00000400     UNINITIALIZED
                  2003fc00    00000004     rtsv7M4_T_le_eabi.lib : boot_cortex_m.c.obj (.stack)
                  2003fc04    000003fc     --HOLE--

.binit     0    01000000    00000000     

MODULE SUMMARY

       Module                       code    ro data   rw data
       ------                       ----    -------   -------
    .\
       sensor_state.obj             454     0         0      
       debug.obj                    427     0         0      
       timertwo.obj                 320     0         0      
       sensor_queue.obj             244     36        0      
       adcsinglechannel.obj         159     0         26     
       timerone.obj                 132     0         0      
       main_freertos.obj            112     0         0      
    +--+----------------------------+-------+---------+---------+
       Total:                       1848    36        26     
                                                             
    .\syscfg\
       Board.obj                    18      223       552    
    +--+----------------------------+-------+---------+---------+
       Total:                       18      223       552    
                                                             
    C:/Users/Dhairya Surana/c language/Embedded Systems/freertos_builds_CC3220SF_LAUNCHXL_release_ccs/Debug/freertos_builds_CC3220SF_LAUNCHXL_release_ccs.lib
       heap_4.obj                   888     0         32792  
       tasks.obj                    4396    0         360    
       queue.obj                    3112    0         0      
       HwiPCC32XX_freertos.obj      344     0         2052   
       timers.obj                   1562    0         60     
       startup_cc32xx_ccs.obj       106     64        780    
       pthread.obj                  798     6         20     
       port.obj                     700     8         24     
       ClockP_freertos.obj          646     0         4      
       PowerCC32XX_freertos.obj     454     0         4      
       list.obj                     298     0         0      
       SemaphoreP_freertos.obj      250     0         0      
       portasm.obj                  186     0         0      
       PTLS.obj                     26      0         0      
    +--+----------------------------+-------+---------+---------+
       Total:                       13766   78        36096  
                                                             
    C:/ti/simplelink_cc32xx_sdk_3_20_00_06/source/ti/devices/cc32xx/driverlib/ccs/Release/driverlib.a
       prcm.obj                     1756    168       0      
       interrupt.obj                608     284       0      
       pin.obj                      280     256       0      
       timer.obj                    264     0         0      
       flash.obj                    72      0         0      
       uart.obj                     48      0         0      
       cpu.obj                      32      0         0      
       systick.obj                  32      0         0      
       utils.obj                    6       0         0      
    +--+----------------------------+-------+---------+---------+
       Total:                       3098    708       0      
                                                             
    C:/ti/simplelink_cc32xx_sdk_3_20_00_06/source/ti/drivers/lib/drivers_cc32xx.aem4
       UARTCC32XX.oem4              3442    116       0      
       PowerCC32XX.oem4             2322    0         664    
       GPIOCC32XX.oem4              1196    103       65     
       TimerCC32XX.oem4             994     28        4      
       ADCCC32XX.oem4               410     24        8      
       UART.oem4                    166     36        1      
       RingBuf.oem4                 198     0         0      
       Timer.oem4                   168     12        1      
       ADC.oem4                     162     8         1      
       PowerCC32XX_asm.oem4         150     0         0      
       List.oem4                    76      0         0      
    +--+----------------------------+-------+---------+---------+
       Total:                       9284    327       744    
                                                             
    C:\ti\ccs930\ccs\tools\compiler\ti-cgt-arm_18.12.4.LTS\lib\rtsv7M4_T_le_eabi.lib
       _printfi.c.obj               4835    0         0      
       memory.c.obj                 696     0         8      
       fd_add_t2.asm.obj            438     0         0      
       defs.c.obj                   0       0         416    
       trgmsg.c.obj                 108     0         288    
       fd_div_t2.asm.obj            310     0         0      
       fputs.c.obj                  276     0         0      
       fd_cmp_t2.asm.obj            268     0         0      
       ctype.c.obj                  0       257       0      
       fd_mul_t2.asm.obj            252     0         0      
       setvbuf.c.obj                220     0         0      
       s_scalbn.c.obj               208     0         0      
       host_device.c.obj            0       0         200    
       memcpy_t2.asm.obj            156     0         0      
       ull_div_t2.asm.obj           150     0         0      
       fputc.c.obj                  140     0         0      
       memset_t2.asm.obj            122     0         0      
       fclose.c.obj                 116     0         0      
       getdevice.c.obj              116     0         0      
       printf.c.obj                 112     0         0      
       hostrename.c.obj             108     0         0      
       copy_decompress_lzss.c.obj   104     0         0      
       hostlseek.c.obj              104     0         0      
       hostopen.c.obj               96      0         8      
       fseek.c.obj                  100     0         0      
       _io_perm.c.obj               98      0         0      
       sprintf.c.obj                98      0         0      
       close.c.obj                  92      0         0      
       s_frexp.c.obj                92      0         0      
       exit.c.obj                   76      0         12     
       hostread.c.obj               88      0         0      
       hostwrite.c.obj              88      0         0      
       ltoa.c.obj                   84      0         0      
       atoi.c.obj                   76      0         0      
       fflush.c.obj                 76      0         0      
       fd_toi_t2.asm.obj            72      0         0      
       autoinit.c.obj               68      0         0      
       fd_tou_t2.asm.obj            68      0         0      
       hostclose.c.obj              68      0         0      
       hostunlink.c.obj             68      0         0      
       strncpy.c.obj                54      0         0      
       fopen.c.obj                  52      0         0      
       i_tofd_t2.asm.obj            46      0         0      
       unlink.c.obj                 44      0         0      
       lseek.c.obj                  40      0         0      
       write.c.obj                  40      0         0      
       boot_cortex_m.c.obj          36      0         0      
       memchr.c.obj                 32      0         0      
       u_tofd_t2.asm.obj            32      0         0      
       memccpy.c.obj                28      0         0      
       ll_mul_t2.asm.obj            24      0         0      
       strcmp.c.obj                 24      0         0      
       strchr.c.obj                 22      0         0      
       strcpy.c.obj                 20      0         0      
       strlen.c.obj                 20      0         0      
       wcslen.c.obj                 18      0         0      
       copy_decompress_none.c.obj   14      0         0      
       copy_zero_init.c.obj         12      0         0      
       errno.c.obj                  8       0         4      
       s_copysign.c.obj             12      0         0      
       _lock.c.obj                  2       0         8      
       pre_init.c.obj               4       0         0      
       div0.asm.obj                 2       0         0      
    +--+----------------------------+-------+---------+---------+
       Total:                       10833   257       944    
                                                             
       Heap:                        0       0         16     
       Stack:                       0       0         1024   
       Linker Generated:            0       354       0      
    +--+----------------------------+-------+---------+---------+
       Grand Total:                 38847   1983      39402  


LINKER GENERATED COPY TABLES

__TI_cinit_table @ 0100a798 records: 2, size/record: 8, table size: 16
	.data: load addr=0100a640, load size=0000013e bytes, run addr=200088d4, run size=00000d08 bytes, compression=lzss
	.bss: load addr=0100a790, load size=00000008 bytes, run addr=2000030c, run size=000085c6 bytes, compression=zero_init


LINKER GENERATED HANDLER TABLE

__TI_handler_table @ 0100a780 records: 3, size/record: 4, table size: 12
	index: 0, handler: __TI_decompress_lzss
	index: 1, handler: __TI_decompress_none
	index: 2, handler: __TI_zero_init


GLOBAL SYMBOLS: SORTED ALPHABETICALLY BY Name 

address   name                               
-------   ----                               
01006961  ADCCC32XX_close                    
01009ff5  ADCCC32XX_control                  
010070ad  ADCCC32XX_convert                  
010098a1  ADCCC32XX_convertToMicroVolts      
0100a4c8  ADCCC32XX_fxnTable                 
01009fc3  ADCCC32XX_init                     
01005da9  ADCCC32XX_open                     
01009f69  ADC_Params_init                    
0100a4e0  ADC_config                         
01009f73  ADC_convert                        
01009f7d  ADC_convertToMicroVolts            
0100a119  ADC_count                          
0100a5f4  ADC_defaultParams                  
01008589  ADC_init                           
010088fd  ADC_open                           
01009e51  Board_init                         
0100128f  Board_initHook                     
0100a013  C$$EXIT                            
01008e3b  C$$IO$$                            
01009d19  CPUcpsie                           
01009efb  CPUwfi                             
01009a77  ClockP_Params_init                 
01008afd  ClockP_callbackFxn                 
01005aa1  ClockP_create                      
01007c3d  ClockP_delete                      
010098c1  ClockP_getCpuFreq                  
01009e61  ClockP_getSystemTickPeriod         
01009c95  ClockP_setTimeout                  
010099e1  ClockP_start                       
01007111  ClockP_stop                        
010085cd  DebugGPIO_init                     
01008275  FlashDisable                       
0100a558  GPIOCC32XX_config                  
01007fc9  GPIO_enableInt                     
01006781  GPIO_hwiIntFxn                     
0100491d  GPIO_init                          
01007549  GPIO_setCallback                   
01001b9d  GPIO_setConfig                     
01007771  GPIO_write                         
01008611  HOSTclose                          
01006e41  HOSTlseek                          
010073c9  HOSTopen                           
010077c9  HOSTread                           
01006d69  HOSTrename                         
01008655  HOSTunlink                         
01007821  HOSTwrite                          
010099ff  HwiP_Params_init                   
01009f07  HwiP_clearInterrupt                
01007429  HwiP_create                        
01009e09  HwiP_delete                        
0100934d  HwiP_disable                       
010082bd  HwiP_dispatch                      
200088d4  HwiP_dispatchTable                 
01009585  HwiP_inISR                         
010098e1  HwiP_restore                       
01009a95  IRSensor_init                      
0100556d  IntDisable                         
01005615  IntEnable                          
01009f87  IntMasterEnable                    
01007879  IntPendClear                       
01007c91  IntPrioritySet                     
01009901  IntRegister                        
01009785  IntUnregister                      
01009d2d  IntVTableBaseSet                   
010096ed  List_put                           
01009713  List_remove                        
01009b8d  MQ_init                            
01001291  PRCMCC3200MCUInit                  
01009cab  PRCMHIBRegRead                     
01009cc1  PRCMHIBRegWrite                    
01008305  PRCMLPDSEnter                      
01008dd5  PRCMLPDSEnterKeepDebugIf           
01009379  PRCMLPDSIntervalSet                
01008699  PRCMLPDSRestoreInfoSet             
010095ad  PRCMLPDSWakeupSourceEnable         
010095d5  PRCMPeripheralClkDisable           
0100834d  PRCMPeripheralClkEnable            
010078d1  PRCMPeripheralReset                
01009fcb  PRCMSleepEnter                     
01008bb9  PRCMSlowClkCtrFastGet              
01007489  PRCMSysResetCauseGet               
01009b59  PTLS_taskDeleteHook                
01005fed  PinConfigSet                       
01008ffd  PinModeGet                         
0100893d  PinModeSet                         
01009ab1  PinToPadGet                        
0100a398  PowerCC32XX_config                 
010056bd  PowerCC32XX_configureWakeup        
2000830c  PowerCC32XX_contextSave            
010086dd  PowerCC32XX_enterLPDS              
010093a5  PowerCC32XX_getParkState           
01004243  PowerCC32XX_initPolicy             
200090d4  PowerCC32XX_module                 
01008015  PowerCC32XX_parkPin                
01009031  PowerCC32XX_restoreParkState       
010091d1  PowerCC32XX_restoreParkedPin       
01007de1  PowerCC32XX_resumeLPDS             
01007175  PowerCC32XX_setParkState           
01002485  PowerCC32XX_sleepPolicy            
01009f15  Power_getConstraintMask            
01009d41  Power_getDependencyCount           
01009ed1  Power_getTransitionLatency         
01009ba5  Power_idleFunc                     
01006209  Power_init                         
010095fd  Power_registerNotify               
01008395  Power_releaseConstraint            
01007929  Power_releaseDependency            
01008bf5  Power_setConstraint                
01006419  Power_setDependency                
010036f5  Power_sleep                        
01009921  Power_unregisterNotify             
01009e1b  RingBuf_construct                  
0100897d  RingBuf_get                        
01009edf  RingBuf_isFull                     
01009941  RingBuf_peek                       
010084fd  RingBuf_put                        
01009cd7  SemaphoreP_Params_init             
01007b39  SemaphoreP_create                  
010093d1  SemaphoreP_createBinary            
01009f21  SemaphoreP_delete                  
01009065  SemaphoreP_pend                    
01009839  SemaphoreP_post                    
01002635  StateMachine                       
01009e71  SysTickDisable                     
01009e81  SysTickEnable                      
01007ed9  TimerCC32XX_allocateTimerResource  
01008d99  TimerCC32XX_close                  
01009ffb  TimerCC32XX_control                
01009099  TimerCC32XX_freeTimerResource      
0100a4ac  TimerCC32XX_fxnTable               
01009bbd  TimerCC32XX_getCount               
0100491b  TimerCC32XX_init                   
0100338d  TimerCC32XX_open                   
010067f9  TimerCC32XX_start                  
01007b8f  TimerCC32XX_stop                   
01008f5b  TimerControlStall                  
01009a1d  TimerDisable                       
01009a3b  TimerEnable                        
01009e2d  TimerIntClear                      
01009bd5  TimerIntDisable                    
01009bed  TimerIntEnable                     
01009531  TimerLoadSet                       
200088b4  TimerOne                           
01007981  TimerOne_init                      
0100955b  TimerPrescaleSet                   
200088b8  TimerTwo                           
010079d9  TimerTwo_init                      
01009e91  Timer_Params_init                  
0100a4f8  Timer_config                       
0100a11a  Timer_count                        
01009f91  Timer_getCount                     
01008721  Timer_init                         
010089bd  Timer_open                         
01009f9b  Timer_start                        
01009c05  UARTBusy                           
010034b5  UARTCC32XX_close                   
01004061  UARTCC32XX_control                 
0100a3d8  UARTCC32XX_fxnTable                
01004ce3  UARTCC32XX_init                    
010016bd  UARTCC32XX_open                    
010089fd  UARTCC32XX_read                    
01008f91  UARTCC32XX_readCancel              
01004e5d  UARTCC32XX_readPolling             
01004851  UARTCC32XX_write                   
01006f79  UARTCC32XX_writeCancel             
01007305  UARTCC32XX_writePolling            
01009c1d  UARTIntEnable                      
01009c35  UART_Params_init                   
0100a5dc  UART_config                        
0100a11b  UART_count                         
0100a400  UART_defaultParams                 
01008765  UART_init                          
01008a3d  UART_open                          
01009fa5  UART_write                         
0100a001  UtilsDelay                         
20008438  __CIOBUF_                          
20040000  __STACK_END                        
00000400  __STACK_SIZE                       
00000010  __SYSMEM_SIZE                      
0100a798  __TI_CINIT_Base                    
0100a7a8  __TI_CINIT_Limit                   
0100a780  __TI_Handler_Table_Base            
0100a78c  __TI_Handler_Table_Limit           
010087a9  __TI_auto_init_nobinit_nopinit     
010090cd  __TI_cleanup                       
20009590  __TI_cleanup_ptr                   
01006a49  __TI_closefile                     
01006ea9  __TI_decompress_lzss               
01009eed  __TI_decompress_none               
01008061  __TI_doflush                       
20009594  __TI_dtors_ptr                     
20009598  __TI_enable_exit_profile_output    
20009580  __TI_ft_end                        
ffffffff  __TI_pprof_out_hndl                
01000841  __TI_printfi                       
ffffffff  __TI_prof_data_size                
ffffffff  __TI_prof_data_start               
01009101  __TI_readmsg                       
0100a640  __TI_static_base__                 
20008620  __TI_tmpnams                       
01008e0d  __TI_writemsg                      
01007367  __TI_wrt_ok                        
01009f39  __TI_zero_init                     
010060fd  __aeabi_cdcmpeq                    
010060fd  __aeabi_cdcmple                    
01006183  __aeabi_cdrcmple                   
01008425  __aeabi_d2iz                       
01008875  __aeabi_d2uiz                      
010022d7  __aeabi_dadd                       
0100312d  __aeabi_ddiv                       
01003d71  __aeabi_dmul                       
010022cd  __aeabi_dsub                       
01009fd5  __aeabi_errno_addr                 
0100931f  __aeabi_i2d                        
01006d67  __aeabi_idiv0                      
01006d67  __aeabi_ldiv0                      
01009c65  __aeabi_lmul                       
0100668d  __aeabi_memclr                     
0100668d  __aeabi_memclr4                    
0100668d  __aeabi_memclr8                    
01005b41  __aeabi_memcpy                     
01005b41  __aeabi_memcpy4                    
01005b41  __aeabi_memcpy8                    
0100668f  __aeabi_memset                     
0100668f  __aeabi_memset4                    
0100668f  __aeabi_memset8                    
2000958c  __aeabi_stderr                     
20009584  __aeabi_stdin                      
20009588  __aeabi_stdout                     
010099c1  __aeabi_ui2d                       
01005d11  __aeabi_uldivmod                   
ffffffff  __binit__                          
ffffffff  __c_args__                         
UNDEFED   __mpu_init                         
2003fc00  __stack                            
010097a9  _c_int00_noargs                    
0100a018  _ctypes_                           
20009428  _device                            
20009338  _ftable                            
200095b4  _lock                              
01004f17  _nop                               
01009739  _pthread_cleanup_pop               
200094a0  _stream                            
200095e0  _sys_memory                        
UNDEFED   _system_post_cinit                 
0100a00f  _system_pre_init                   
200095b8  _unlock                            
0100a013  abort                              
200088bc  adc                                
0100a5fc  adcCC32XXHWAttrs                   
200088c0  adcCC32XXObjects                   
200088d0  adcValue0                          
200088c4  adcValue0MicroVolt                 
0100392d  aligned_alloc                      
010080ad  atoi                               
ffffffff  binit                              
010075a5  close                              
0100628d  convertToMM                        
01009f2d  copysign                           
01009f2d  copysignl                          
01006519  dbgOutputLoc                       
01008c31  dbgUARTStr                         
01007a31  eTaskConfirmSleepModeStatus        
200095d8  errno                              
010083dd  exit                               
01009201  finddevice                         
01005f61  fputc                              
01003a45  fputs                              
0100432d  free                               
01007601  frexp                              
01007601  frexpl                             
010071d9  fseek                              
010087ed  getdevice                          
20009524  gpioPinConfigs                     
0100a622  inPinTypes                         
010074e9  initUART                           
010080f9  initVectors                        
01004781  ldexp                              
01004781  ldexpl                             
0100964d  lseek                              
01007ce5  ltoa                               
0100723d  main                               
010093fd  mainThread                         
01009fdd  malloc                             
0100392d  memalign                           
01009ae9  memccpy                            
01009981  memchr                             
01005b41  memcpy                             
01006695  memset                             
01009b05  message_init                       
0100a628  outPinStrengths                    
0100a60c  outPinTypes                        
20009240  parkInfo                           
200088a4  parmbuf                            
01006f11  printf                             
01009b21  pthread_attr_init                  
0100985b  pthread_attr_setdetachstate        
01009675  pthread_attr_setschedparam         
[...]
01004f41  xPortPendSVHandler                 
01004b65  xPortStartScheduler                
01009505  xPortSysTickHandler                
01007ae1  xQueueCreateCountingSemaphore      
01006dd5  xQueueGenericCreate                
0100508d  xQueueGenericReset                 
01002115  xQueueGenericSend                  
01003c6d  xQueueGenericSendFromISR           
01004153  xQueueGiveFromISR                  
010027d9  xQueueReceive                      
010046a9  xQueueReceiveFromISR               
01001d75  xQueueSemaphoreTake                
01005361  xTaskCheckForTimeOut               
01006707  xTaskCreate                        
010096c5  xTaskGetApplicationTaskTag         
01009de1  xTaskGetCurrentTaskHandle          
010092c1  xTaskGetSchedulerState             
01009df5  xTaskGetTickCount                  
01002eb9  xTaskIncrementTick                 
01004411  xTaskPriorityDisinherit            
01004245  xTaskPriorityInherit               
010058b5  xTaskRemoveFromEventList           
01003811  xTaskResumeAll                     
01008d5d  xTimerCreate                       
01007d8d  xTimerCreateTimerTask              
01006395  xTimerGenericCommand               


GLOBAL SYMBOLS: SORTED BY Symbol Address 

address   name                               
-------   ----                               
00000010  __SYSMEM_SIZE                      
00000400  __STACK_SIZE                       
01000800  resetVectors                       
01000841  __TI_printfi                       
0100128f  Board_initHook                     
01001291  PRCMCC3200MCUInit                  
010016bd  UARTCC32XX_open                    
01001b9d  GPIO_setConfig                     
01001d75  xQueueSemaphoreTake                
01002115  xQueueGenericSend                  
010022cd  __aeabi_dsub                       
010022d7  __aeabi_dadd                       
01002485  PowerCC32XX_sleepPolicy            
01002635  StateMachine                       
010027d9  xQueueReceive                      
01002959  pvPortMalloc                       
01002eb9  xTaskIncrementTick                 
01002ff5  pthread_create                     
0100312d  __aeabi_ddiv                       
0100338d  TimerCC32XX_open                   
010034b5  UARTCC32XX_close                   
010036f5  Power_sleep                        
01003811  xTaskResumeAll                     
0100392d  aligned_alloc                      
0100392d  memalign                           
01003a45  fputs                              
01003b59  vTaskPriorityDisinheritAfterTimeout
01003c6d  xQueueGenericSendFromISR           
01003d71  __aeabi_dmul                       
01003e6d  vTaskSuspend                       
01003f69  vTaskDelete                        
01004061  UARTCC32XX_control                 
01004153  xQueueGiveFromISR                  
01004243  PowerCC32XX_initPolicy             
01004245  xTaskPriorityInherit               
0100432d  free                               
01004411  xTaskPriorityDisinherit            
010044f1  setvbuf                            
010045cd  vTaskSwitchContext                 
010046a9  xQueueReceiveFromISR               
01004781  ldexp                              
01004781  ldexpl                             
01004781  scalbn                             
01004781  scalbnl                            
01004851  UARTCC32XX_write                   
0100491b  TimerCC32XX_init                   
0100491d  GPIO_init                          
01004b65  xPortStartScheduler                
01004ce3  UARTCC32XX_init                    
01004e5d  UARTCC32XX_readPolling             
01004f17  _nop                               
01004f29  ulPortGetIPSR                      
01004f41  xPortPendSVHandler                 
01004f8d  vPortSVCHandler                    
01004fb1  vPortStartFirstTask                
0100508d  xQueueGenericReset                 
01005361  xTaskCheckForTimeOut               
0100556d  IntDisable                         
01005615  IntEnable                          
010056bd  PowerCC32XX_configureWakeup        
010058b5  xTaskRemoveFromEventList           
01005aa1  ClockP_create                      
01005b41  __aeabi_memcpy                     
01005b41  __aeabi_memcpy4                    
01005b41  __aeabi_memcpy8                    
01005b41  memcpy                             
01005bdd  vPortFree                          
01005d11  __aeabi_uldivmod                   
01005da9  ADCCC32XX_open                     
01005e3d  vTaskStartScheduler                
01005f61  fputc                              
01005f61  putc                               
01005fed  PinConfigSet                       
010060fd  __aeabi_cdcmpeq                    
010060fd  __aeabi_cdcmple                    
01006183  __aeabi_cdrcmple                   
01006209  Power_init                         
0100628d  convertToMM                        
01006395  xTimerGenericCommand               
01006419  Power_setDependency                
01006519  dbgOutputLoc                       
0100668d  __aeabi_memclr                     
0100668d  __aeabi_memclr4                    
0100668d  __aeabi_memclr8                    
0100668f  __aeabi_memset                     
0100668f  __aeabi_memset4                    
0100668f  __aeabi_memset8                    
01006695  memset                             
01006707  xTaskCreate                        
01006781  GPIO_hwiIntFxn                     
010067f9  TimerCC32XX_start                  
01006961  ADCCC32XX_close                    
01006a49  __TI_closefile                     
01006b31  vPortValidateInterruptPriority     
01006ba5  vTask1                             
01006d67  __aeabi_idiv0                      
01006d67  __aeabi_ldiv0                      
01006d69  HOSTrename                         
01006dd5  xQueueGenericCreate                
01006e3f  vApplicationMallocFailedHook       
01006e41  HOSTlseek                          
01006ea9  __TI_decompress_lzss               
01006f11  printf                             
01006f79  UARTCC32XX_writeCancel             
01007045  vListInsert                        
010070ad  ADCCC32XX_convert                  
01007111  ClockP_stop                        
01007175  PowerCC32XX_setParkState           
010071d9  fseek                              
0100723d  main                               
01007305  UARTCC32XX_writePolling            
01007367  __TI_wrt_ok                        
010073c9  HOSTopen                           
01007429  HwiP_create                        
01007489  PRCMSysResetCauseGet               
010074e9  initUART                           
01007549  GPIO_setCallback                   
010075a5  close                              
01007601  frexp                              
01007601  frexpl                             
010076b9  pthread_exit                       
01007715  vQueueWaitForMessageRestricted     
01007771  GPIO_write                         
010077c9  HOSTread                           
01007821  HOSTwrite                          
01007879  IntPendClear                       
010078d1  PRCMPeripheralReset                
01007929  Power_releaseDependency            
01007981  TimerOne_init                      
010079d9  TimerTwo_init                      
01007a31  eTaskConfirmSleepModeStatus        
01007a89  vPortSetupTimerInterrupt           
01007ae1  xQueueCreateCountingSemaphore      
01007b39  SemaphoreP_create                  
01007b8f  TimerCC32XX_stop                   
01007c3d  ClockP_delete                      
01007c91  IntPrioritySet                     
01007ce5  ltoa                               
01007d8d  xTimerCreateTimerTask              
01007de1  PowerCC32XX_resumeLPDS             
01007ed9  TimerCC32XX_allocateTimerResource  
01007f29  pxPortInitialiseStack              
01007fc9  GPIO_enableInt                     
01008015  PowerCC32XX_parkPin                
01008061  __TI_doflush                       
010080ad  atoi                               
010080f9  initVectors                        
01008229  vPortEnterCritical                 
01008275  FlashDisable                       
010082bd  HwiP_dispatch                      
01008305  PRCMLPDSEnter                      
0100834d  PRCMPeripheralClkEnable            
01008395  Power_releaseConstraint            
010083dd  exit                               
01008425  __aeabi_d2iz                       
0100846d  timer75Callback                    
010084b5  uxListRemove                       
010084fd  RingBuf_put                        
01008589  ADC_init                           
010085cd  DebugGPIO_init                     
01008611  HOSTclose                          
01008655  HOSTunlink                         
01008699  PRCMLPDSRestoreInfoSet             
010086dd  PowerCC32XX_enterLPDS              
01008721  Timer_init                         
01008765  UART_init                          
010087a9  __TI_auto_init_nobinit_nopinit     
010087ed  getdevice                          
01008875  __aeabi_d2uiz                      
010088b9  vTaskStepTick                      
010088fd  ADC_open                           
0100893d  PinModeSet                         
0100897d  RingBuf_get                        
010089bd  Timer_open                         
010089fd  UARTCC32XX_read                    
01008a3d  UART_open                          
01008a7d  sprintf                            
01008abd  vTaskPlaceOnEventListRestricted    
01008afd  ClockP_callbackFxn                 
01008b79  pthread_setcancelstate             
01008bb9  PRCMSlowClkCtrFastGet              
01008bf5  Power_setConstraint                
01008c31  dbgUARTStr                         
01008ce5  pvTaskGetThreadLocalStoragePointer 
01008d21  vListInsertEnd                     
01008d5d  xTimerCreate                       
01008d99  TimerCC32XX_close                  
01008dd5  PRCMLPDSEnterKeepDebugIf           
01008e0d  __TI_writemsg                      
01008e3b  C$$IO$$                            
01008eed  sendToQueue                        
01008f5b  TimerControlStall                  
01008f91  UARTCC32XX_readCancel              
01008fc7  strncpy                            
01008ffd  PinModeGet                         
01009031  PowerCC32XX_restoreParkState       
01009065  SemaphoreP_pend                    
01009099  TimerCC32XX_freeTimerResource      
010090cd  __TI_cleanup                       
01009101  __TI_readmsg                       
0100919d  vTaskPlaceOnEventList              
010091d1  PowerCC32XX_restoreParkedPin       
01009201  finddevice                         
01009231  readMsgFromQ1                      
01009261  vListInitialise                    
01009291  vPortExitCritical                  
010092c1  xTaskGetSchedulerState             
010092f1  pvTimerGetTimerID                  
0100931f  __aeabi_i2d                        
0100934d  HwiP_disable                       
01009379  PRCMLPDSIntervalSet                
010093a5  PowerCC32XX_getParkState           
010093d1  SemaphoreP_createBinary            
010093fd  mainThread                         
01009429  sendSensorMsgToQ1                  
01009455  sendTimeMsgToQ1                    
01009481  timerSecondCallback                
010094ad  remove                             
010094ad  unlink                             
010094d9  vTaskSetApplicationTaskTag         
01009505  xPortSysTickHandler                
01009531  TimerLoadSet                       
0100955b  TimerPrescaleSet                   
01009585  HwiP_inISR                         
010095ad  PRCMLPDSWakeupSourceEnable         
010095d5  PRCMPeripheralClkDisable           
010095fd  Power_registerNotify               
0100964d  lseek                              
01009675  pthread_attr_setschedparam         
0100969d  write                              
010096c5  xTaskGetApplicationTaskTag         
010096ed  List_put                           
01009713  List_remove                        
01009739  _pthread_cleanup_pop               
01009785  IntUnregister                      
010097a9  _c_int00_noargs                    
010097f1  vQueueDelete                       
01009815  vTaskInternalSetTimeOutState       
01009839  SemaphoreP_post                    
0100985b  pthread_attr_setdetachstate        
0100987d  status_init                        
010098a1  ADCCC32XX_convertToMicroVolts      
010098c1  ClockP_getCpuFreq                  
010098e1  HwiP_restore                       
01009901  IntRegister                        
01009921  Power_unregisterNotify             
01009941  RingBuf_peek                       
01009981  memchr                             
010099c1  __aeabi_ui2d                       
010099e1  ClockP_start                       
010099ff  HwiP_Params_init                   
01009a1d  TimerDisable                       
01009a3b  TimerEnable                        
01009a77  ClockP_Params_init                 
01009a95  IRSensor_init                      
01009ab1  PinToPadGet                        
01009ae9  memccpy                            
01009b05  message_init                       
01009b21  pthread_attr_init                  
01009b3d  pvTaskIncrementMutexHeldCount      
01009b59  PTLS_taskDeleteHook                
01009b8d  MQ_init                            
01009ba5  Power_idleFunc                     
01009bbd  TimerCC32XX_getCount               
01009bd5  TimerIntDisable                    
01009bed  TimerIntEnable                     
01009c05  UARTBusy                           
01009c1d  UARTIntEnable                      
01009c35  UART_Params_init                   
01009c65  __aeabi_lmul                       
01009c7d  strcmp                             
01009c95  ClockP_setTimeout                  
01009cab  PRCMHIBRegRead                     
01009cc1  PRCMHIBRegWrite                    
01009cd7  SemaphoreP_Params_init             
01009ced  resetISR                           
01009cfc  resetVectorAddr                    
01009d03  strchr                             
01009d19  CPUcpsie                           
01009d2d  IntVTableBaseSet                   
01009d41  Power_getDependencyCount           
01009d69  pthread_attr_setstacksize          
01009d7d  pthread_self                       
01009da5  strcpy                             
01009db9  strlen                             
01009dcd  vPortSuppressTicksAndSleep         
01009de1  xTaskGetCurrentTaskHandle          
01009df5  xTaskGetTickCount                  
01009e09  HwiP_delete                        
01009e1b  RingBuf_construct                  
01009e2d  TimerIntClear                      
01009e3f  wcslen                             
01009e51  Board_init                         
01009e61  ClockP_getSystemTickPeriod         
01009e71  SysTickDisable                     
01009e81  SysTickEnable                      
01009e91  Timer_Params_init                  
01009eb1  vListInitialiseItem                
01009ec1  vTaskSuspendAll                    
01009ed1  Power_getTransitionLatency         
01009edf  RingBuf_isFull                     
01009eed  __TI_decompress_none               
01009efb  CPUwfi                             
01009f07  HwiP_clearInterrupt                
01009f15  Power_getConstraintMask            
01009f21  SemaphoreP_delete                  
01009f2d  copysign                           
01009f2d  copysignl                          
01009f39  __TI_zero_init                     
01009f5d  vTaskMissedYield                   
01009f69  ADC_Params_init                    
01009f73  ADC_convert                        
01009f7d  ADC_convertToMicroVolts            
01009f87  IntMasterEnable                    
01009f91  Timer_getCount                     
01009f9b  Timer_start                        
01009fa5  UART_write                         
01009fb9  vApplicationStackOverflowHook      
01009fc3  ADCCC32XX_init                     
01009fcb  PRCMSleepEnter                     
01009fd5  __aeabi_errno_addr                 
01009fdd  malloc                             
01009ff5  ADCCC32XX_control                  
01009ffb  TimerCC32XX_control                
0100a001  UtilsDelay                         
0100a00f  _system_pre_init                   
0100a013  C$$EXIT                            
0100a013  abort                              
0100a018  _ctypes_                           
0100a119  ADC_count                          
0100a11a  Timer_count                        
0100a11b  UART_count                         
0100a398  PowerCC32XX_config                 
0100a3d8  UARTCC32XX_fxnTable                
0100a400  UART_defaultParams                 
0100a48c  timerCC32XXHWAttrs                 
0100a4ac  TimerCC32XX_fxnTable               
0100a4c8  ADCCC32XX_fxnTable                 
0100a4e0  ADC_config                         
0100a4f8  Timer_config                       
0100a558  GPIOCC32XX_config                  
0100a5dc  UART_config                        
0100a5f4  ADC_defaultParams                  
0100a5fc  adcCC32XXHWAttrs                   
0100a604  ulMaxSyscallInterruptPriority      
0100a60c  outPinTypes                        
0100a622  inPinTypes                         
0100a628  outPinStrengths                    
0100a640  __TI_static_base__                 
0100a780  __TI_Handler_Table_Base            
0100a78c  __TI_Handler_Table_Limit           
0100a798  __TI_CINIT_Base                    
0100a7a8  __TI_CINIT_Limit                   
2000830c  PowerCC32XX_contextSave            
20008438  __CIOBUF_                          
20008620  __TI_tmpnams                       
200086c0  uartCC32XXObjects0                 
20008744  timerCC32XXObjects                 
200088a4  parmbuf                            
200088b4  TimerOne                           
200088b8  TimerTwo                           
200088bc  adc                                
200088c0  adcCC32XXObjects                   
200088c4  adcValue0MicroVolt                 
200088c8  sensor                             
200088cc  uart                               
200088d0  adcValue0                          
200088d4  HwiP_dispatchTable                 
200090d4  PowerCC32XX_module                 
20009240  parkInfo                           
20009338  _ftable                            
20009428  _device                            
200094a0  _stream                            
200094f0  pxCurrentTCB                       
20009524  gpioPinConfigs                     
20009580  __TI_ft_end                        
20009584  __aeabi_stdin                      
20009588  __aeabi_stdout                     
2000958c  __aeabi_stderr                     
20009590  __TI_cleanup_ptr                   
20009594  __TI_dtors_ptr                     
20009598  __TI_enable_exit_profile_output    
200095b4  _lock                              
200095b8  _unlock                            
200095d8  errno                              
200095e0  _sys_memory                        
2003fc00  __stack                            
20040000  __STACK_END                        
ffffffff  __TI_pprof_out_hndl                
ffffffff  __TI_prof_data_size                
ffffffff  __TI_prof_data_start               
ffffffff  __binit__                          
ffffffff  __c_args__                         
ffffffff  binit                              
UNDEFED   __mpu_init                         
UNDEFED   _system_post_cinit                 

[396 symbols]
